// Jest Snapshot v1, https://goo.gl/fbAQLP

exports[`Link changes the class when hovered 1`] = `
<div
  className="TicketText"
>
  <h5>
    123
  </h5>
</div>
`;
